[alpha-wave.ai/wp-content/themes/alpha-wave/assets/favicon/apple-touch-icon.png]
[alpha-wave.ai/wp-content/themes/alpha-wave/assets/favicon/favicon-32x32.png]
[alpha-wave.ai/wp-content/themes/alpha-wave/assets/favicon/favicon-16x16.png]
[alpha-wave.ai/wp-content/themes/alpha-wave/assets/favicon/site.webmanifest]
[alpha-wave.ai/wp-content/themes/alpha-wave/assets/favicon/favicon.ico]
[alpha-wave.ai/wp-content/themes/alpha-wave/assets/favicon/browserconfig.xml]
[backblue.gif]
[fade.gif]
[index.html]
[alpha-wave.ai/wp-json/wp/v2/pages/6.json]
[alpha-wave.ai/wp-json/oembed/1.0/embed578e.json]
[alpha-wave.ai/wp-json/index.html]
[alpha-wave.ai/wp-json/oembed/1.0/embed9a7b]
[alpha-wave.ai/Privacy-Policy-AlphaWave.pdf]
[alpha-wave.ai/index.html]
[gmpg.org/xfn/11.html]
[alpha-wave.ai/wp-content/themes/alpha-wave/assets/favicon/safari-pinned-tab.svg]
[alpha-wave.ai/wp-admin/admin-ajax.html]
[alpha-wave.ai/wp-content/themes/alpha-wave/dist/scripts/800796f9a60c84f3f3bc.svg]
[code.jquery.com/index.html]
[alpha-wave.ai/wp-content/themes/alpha-wave/dist/scripts/a801a2cebfd615279ed0.woff2]
[alpha-wave.ai/wp-content/themes/alpha-wave/dist/scripts/cef0e895dbcc724b4548.woff2]
[alpha-wave.ai/wp-content/themes/alpha-wave/dist/scripts/e1b8202a96e97b511253.woff2]
[alpha-wave.ai/wp-content/themes/alpha-wave/dist/scripts/2b310c8ea4d2404bd57a.woff2]
[alpha-wave.ai/wp-content/cache/min/1/wp-content/themes/alpha-wave/dist/styles/stylebc34.css]
[www.googletagmanager.com/gtm5445.html]
[alpha-wave.ai/wp-content/themes/alpha-wave/assets/chip.svg]
[alpha-wave.ai/wp-content/themes/alpha-wave/assets/icons/instagram.svg]
[alpha-wave.ai/wp-content/themes/alpha-wave/assets/icons/facebook.svg]
[alpha-wave.ai/wp-content/themes/alpha-wave/assets/icons/youtube.svg]
[alpha-wave.ai/wp-content/themes/alpha-wave/assets/icons/google.svg]
[alpha-wave.ai/wp-content/themes/alpha-wave/assets/icons/emerce.svg]
[alpha-wave.ai/wp-content/themes/alpha-wave/assets/icons/area120.svg]
[alpha-wave.ai/wp-content/themes/alpha-wave/assets/icons/spotify.svg]
[alpha-wave.ai/wp-content/themes/alpha-wave/assets/chip2.svg]
[alpha-wave.ai/wp-content/cache/min/1/jquery-3.7.1.minbc34.js]
[alpha-wave.ai/wp-content/cache/min/1/wp-content/themes/alpha-wave/dist/scripts/indexbc34.js]
[gmpg.org/xfn/default.css]
[gmpg.org/xfn/.html]
[gmpg.org/xfn/intro.html]
[gmpg.org/xfn/faq.html]
[alpha-wave.ai/wp-content/themes/alpha-wave/dist/scripts/3c835a021b439bcd5740.svg]
[alpha-wave.ai/wp-content/themes/alpha-wave/index.html]
